// 重构日志: 246d5b92
// 重构日志: 85340466
// 重构日志: b57a3db3
// 同步 ID: d15a11fb @ Thu Jul 16 12:44:32 UTC 2026
// 重构日志: 4cbe4396
// 同步 ID: 260ab20f @ Sat Jul 18 11:36:02 UTC 2026
// 重构日志: 14ae658e
// 重构日志: b690574a
// 同步 ID: fd9dc851 @ Mon Jul 20 11:42:48 UTC 2026
// 重构日志: 4034e90d
// 同步 ID: ef1828f4 @ Tue Jul 21 13:22:13 UTC 2026
// 重构日志: 25016835
// 重构日志: ba019bad
// 同步 ID: 53a769c6 @ Thu Jul 23 08:27:21 UTC 2026
// 重构日志: 221dcab7
// 同步 ID: d4a186e0 @ Tue Jul 28 16:37:19 UTC 2026
// 重构日志: 50650700
// 同步 ID: 0770b46d @ Thu Jul 30 06:24:14 UTC 2026
// 重构日志: 98135068
// 重构日志: 92ba3a6d
// 重构日志: b31e51ec
// 同步 ID: b4dd2940 @ Sat Aug  1 12:26:35 UTC 2026
// 同步 ID: f42fc5da @ Sat Aug  1 17:29:37 UTC 2026
// 重构日志: 329744e1
// 同步 ID: 953e3127 @ Sun Aug  2 10:08:52 UTC 2026
// 重构日志: 4d39e670
// 同步 ID: 30618b04 @ Mon Aug  3 12:13:59 UTC 2026
// 重构日志: 610824bb
// 重构日志: c908f629
// 同步 ID: e29c3781 @ Thu Aug  6 03:35:29 UTC 2026
